// Jest Snapshot v1, https://goo.gl/fbAQLP

exports[`ErrorBoundary should render correctly 1`] = `
<h2>
  Oops, no movies were found.
</h2>
`;
